
Copyright (C) 1994-2023 Synopsys, Inc.
This Synopsys software and all associated documentation are proprietary to Synopsys, Inc.
and may only be used pursuant to the terms and conditions of a written license agreement
with Synopsys, Inc. All other use, reproduction, modification, or distribution of the
Synopsys software or the associated documentation is strictly prohibited.
Tool: Synplify Pro (R)
Build: V-2023.09L-2
Install: /home/iwolfs/lscc/diamond/3.14/synpbase
OS: Ubuntu 24.04.2 LTS
Hostname: iwolfs-Aspire-A14-51z
max virtual memory: unlimited (bytes)
max user processes: 61935
max stack size: unlimited (bytes)


Implementation : clk_routing
Synopsys HDL compiler and linker, Version comp202309synp1, Build 349R, Built Sep 17 2024 08:30:48, @5637152

Modified Files: 1
FID:  path (prevtimestamp, timestamp)
12       /home/iwolfs/Work/Projects/electromechanical/acoustic-material-characterization/acoustic-carrier-hw/acoustic-carrier-vhdl/tests/test_ddr3/ddr3.v (2025-07-06 21:52:55, 2025-07-07 23:58:37)

*******************************************************************
Modules that may have changed as a result of file changes: 1
MID:  lib.cell.view
2        work.lpddr3.verilog may have changed because the following files changed:
                        /home/iwolfs/Work/Projects/electromechanical/acoustic-material-characterization/acoustic-carrier-hw/acoustic-carrier-vhdl/tests/test_ddr3/ddr3.v (2025-07-06 21:52:55, 2025-07-07 23:58:37) <-- (module definition)

*******************************************************************
Unmodified files: 9
FID:  path (timestamp)
10       /home/iwolfs/Work/Projects/electromechanical/acoustic-material-characterization/acoustic-carrier-hw/acoustic-carrier-vhdl/tests/clk_routing/clk_routing.v (2025-07-06 23:29:44)
11       /home/iwolfs/Work/Projects/electromechanical/acoustic-material-characterization/acoustic-carrier-hw/acoustic-carrier-vhdl/tests/test_adc/adc.v (2025-07-06 20:12:51)
13       /home/iwolfs/Work/Projects/electromechanical/acoustic-material-characterization/acoustic-carrier-hw/acoustic-carrier-vhdl/tests/test_rgmii/rgmii.v (2025-07-06 19:01:01)
14       /home/iwolfs/Work/Projects/electromechanical/acoustic-material-characterization/acoustic-carrier-hw/acoustic-carrier-vhdl/tests/test_ulpi/ulpi.v (2025-07-05 16:19:37)
5        /home/iwolfs/lscc/diamond/3.14/synpbase/lib/lucent/ecp5u.v (2024-08-22 15:53:58)
6        /home/iwolfs/lscc/diamond/3.14/synpbase/lib/lucent/pmi_def.v (2024-09-23 18:26:27)
7        /home/iwolfs/lscc/diamond/3.14/synpbase/lib/vlog/hypermods.v (2024-09-23 18:26:55)
8        /home/iwolfs/lscc/diamond/3.14/synpbase/lib/vlog/scemi_objects.v (2024-09-23 18:26:55)
9        /home/iwolfs/lscc/diamond/3.14/synpbase/lib/vlog/scemi_pipes.svh (2024-09-23 18:26:55)

*******************************************************************
Unchanged modules: 4
MID:  lib.cell.view
5        work.adc.verilog
1        work.clk_routing.verilog
3        work.rgmii.verilog
4        work.ulpi.verilog
